// Jest Snapshot v1, https://goo.gl/fbAQLP

exports[`PokemonList component renders 1`] = `ShallowWrapper {}`;
